[net] Selbsttest -- Host und Client in einem Prozess
[net] love 11.5.0
  ok    src/app/scenes/net_game.lua laesst sich uebersetzen
  ok    src/render/netstat.lua laesst sich uebersetzen
  ok    Host bindet Port 21292
  ok    Discovery-Host bindet Port 21293
  ok    Browser bindet einen fluechtigen Port
  ok    die Lobby erscheint in der Serverliste (T-N-09)
  ok    Lobbyname kommt an: Selbsttest
  ok    ENet-Port kommt an: 21292
  ok    Spielerzahl kommt an
  ok    eine Lobby, ein Eintrag (auch lokal): 1
  ok    Client oeffnet einen Socket
  ok    Handschlag: HELLO -> WELCOME
  ok    der Gast bekommt Slot 2, war 2
  ok    das Ruleset kommt vom Host (ADR-005)
  ok    der Ruleset-Hash stimmt ueberein
  ok    WELCOME traegt denselben Hash
  ok    LOBBY_STATE traegt beide Slots
  ok    SET_READY erreicht den Host
  ok    MATCH_START erreicht den Client
  ok    Referenz-Rallye R-05 geladen
[net] 206 Ticks gefahren, 204 Snapshots angewandt, 206 empfangen, 4 gehalten
  ok    fast jeder Tick kommt als Snapshot an
  ok    Snapshots kommen an
  ok    Eingaben des Gastes kommen an
  ok    keine ungueltige Maske
  ok    gleicher Endstand: Host 0:0, Client 0:0
  ok    gleiche Phase: serve
  ok    Ball an derselben Stelle (Host 600.00, Client 600.00)
[net] Vorhersage: 198 verglichen, 0 korrigiert, 1 uebernommen, 4 uebersprungen
  ok    die Vorhersage wird laufend abgeglichen (198 Vergleiche)
  ok    und korrigiert fast nie: 0 von 198 Vergleichen
  ok    der vorhergesagte Blob steht beim Host (Host 600.00, Gast 600.00)
[net] mit 20 % Eingabeverlust: 1 Korrekturen
  ok    bei echtem Eingabeverlust schlaegt der Korrekturzaehler an (1)
  ok    und der Blob steht danach wieder beim Host (500.00 gegen 500.00)
[net] Pruefsummen: 15 geprueft, 0 abweichend, 0 ohne Snapshot
  ok    Pruefsummen kommen an und werden verglichen (15)
  ok    keine Abweichung bei gleichem Build (0)
  ok    eine falsche Pruefsumme wird erkannt (Snapshot zuerst)
  ok    auch, wenn die Pruefsumme vorlaeuft
  ok    eine richtige Pruefsumme geht durch
  ok    der Client leert die Queue in einem Durchlauf (208 Ereignisse, T-N-08)
  ok    danach ist die Queue leer
  ok    abweichendes Regelwerk verhindert den Start (T-N-06)
  ok    und zwar im Klartext: Regelwerk weicht ab (Host 760648b7, hier 915546f8). Das Match startet nicht.
  ok    der Host pausiert nach der Trennung (T-N-04)
  ok    das 30-s-Fenster laeuft: 30 s
  ok    der Slot bleibt belegt -- die clientId ist der Schluessel
  ok    nach Ablauf des Fensters meldet der Host Walkover
  ok    derselbe clientId steigt in das laufende Match ein (T-N-05)
  ok    das Match laeuft weiter
  ok    der Gast erfaehrt das Ende der Lobby (T-N-10)
  ok    mit Klartext: Verbindung zum Host verloren.
[net] alles bestanden
